239
-237
127
85
-72
89
-90
329
392
-133
-216
-232
134
-161
-196
-170
-280
331
42
228
-40
268
74
378
-14
-153
241
-225
228
177
-163
-44
227
-114
-122
330
-142
-79
-66
-82
-27
84
136
279
217
387
180
-236
69
-31
-98
115
160
206
-71
-130
339
-72
-107
253
140
136
140
-85
114
-253
359
-239
-84
-285
-36
-236
252
-33
-117
-214
-249
0
-167
-148
248
300
-114
-239
387
44
-256
176
152
277
-88
-196
125
59
242
154
-42
241
-165
178
